solve benchmarks/ham-examples-col/FfleischnerG3.col
file input time = 194.228us
encoding time = 280.504us

encoding clauses number = 1296

CEGAR iteration...
cegar iteration = 0
sat solving time = 95.525us
number of subcycles found = 6
cycle lengths before merge (length:number) = {3: 3, 8: 2, 32: 1}
merge operation: 32 + 3 = 35
merge operation: 3 + 35 = 38
merge operation: 8 + 8 = 16
number of merge operations = 3
number of resulting cycles = 3
cycle lengths after merge (length:number) = {3: 1, 16: 1, 38: 1}
gb-trace iteration=0 subcycle id=C1 vertices=[i0,u1,v1,V1,i1,k1,x1,X1,U1,Y1,W1,j1,w1,y1,z1,Z1,V0,Z0,Y0,U0,u0,y0,z0,U3,Y3,X0,Z3,z3,y3,u3,k0,j0]
gb-trace iteration=0 subcycle id=C2 vertices=[W0,Z2,z2,x2,k2,X2,U2,Y2]
gb-trace iteration=0 subcycle id=C3 vertices=[i2,j2,W2,w2,y2,u2,v2,V2]
gb-trace iteration=0 subcycle id=C4 vertices=[i3,V3,v3]
gb-trace iteration=0 subcycle id=C5 vertices=[j3,W3,w3]
gb-trace iteration=0 subcycle id=C6 vertices=[k3,X3,x3]
gb-trace iteration=0 merge C1 + C4 = C7
gb-trace iteration=0 merge C5 + C7 = C8
gb-trace iteration=0 merge C2 + C3 = C9
gb-trace iteration=0 resulting id=C6 vertices=[k3,X3,x3]
gb-trace iteration=0 resulting id=C8 vertices=[j3,W3,Y3,U3,z0,y0,u0,U0,Y0,Z0,V0,Z1,z1,y1,w1,j1,W1,Y1,U1,X1,x1,k1,i1,V1,v1,u1,i0,j0,k0,u3,y3,z3,Z3,V3,i3,v3,X0,w3]
gb-trace iteration=0 resulting id=C9 vertices=[W0,v2,u2,y2,w2,W2,j2,i2,V2,Z2,z2,x2,k2,X2,U2,Y2]
cut arcs by clause length (length:number) = {4: 2, 6: 2, 10: 2}
number of added block clauses (this increment) = 6
number of added block clauses (accumulated) = 6
add block clauses time = 125.365us
increment time = 220.890us

CEGAR iteration...
cegar iteration = 1
sat solving time = 31.378us
number of subcycles found = 7
cycle lengths before merge (length:number) = {3: 4, 8: 2, 29: 1}
merge operation: 29 + 3 = 32
merge operation: 8 + 8 = 16
merge operation: 3 + 32 = 35
merge operation: 3 + 35 = 38
number of merge operations = 4
number of resulting cycles = 3
cycle lengths after merge (length:number) = {3: 1, 16: 1, 38: 1}
gb-trace iteration=1 subcycle id=C1 vertices=[i0,u1,y1,w1,j1,W1,Y1,V0,Z1,z1,x1,k1,X1,U1,u0,U0,Y0,Z0,z0,y0,U2,Y2,W0,Z2,z2,y2,u2,j0,k0]
gb-trace iteration=1 subcycle id=C2 vertices=[X0,Z3,z3,x3,k3,X3,U3,Y3]
gb-trace iteration=1 subcycle id=C3 vertices=[i1,V1,v1]
gb-trace iteration=1 subcycle id=C4 vertices=[i2,V2,v2]
gb-trace iteration=1 subcycle id=C5 vertices=[j2,W2,w2]
gb-trace iteration=1 subcycle id=C6 vertices=[k2,X2,x2]
gb-trace iteration=1 subcycle id=C7 vertices=[i3,j3,W3,w3,y3,u3,v3,V3]
gb-trace iteration=1 merge C1 + C3 = C8
gb-trace iteration=1 merge C2 + C7 = C9
gb-trace iteration=1 merge C5 + C8 = C10
gb-trace iteration=1 merge C4 + C10 = C11
gb-trace iteration=1 resulting id=C6 vertices=[k2,X2,x2]
gb-trace iteration=1 resulting id=C9 vertices=[X0,v3,u3,y3,w3,W3,j3,i3,V3,Z3,z3,x3,k3,X3,U3,Y3]
gb-trace iteration=1 resulting id=C11 vertices=[i2,V2,Z2,z2,y2,u2,j0,k0,i0,u1,y1,w1,j1,W1,Y1,V0,v1,i1,V1,Z1,z1,x1,k1,X1,U1,u0,U0,Y0,Z0,z0,y0,U2,Y2,W2,j2,w2,W0,v2]
cut arcs by clause length (length:number) = {4: 2, 6: 2, 10: 2}
number of added block clauses (this increment) = 6
number of added block clauses (accumulated) = 12
add block clauses time = 137.596us
increment time = 168.974us

CEGAR iteration...
cegar iteration = 2
sat solving time = 87.176us
number of subcycles found = 6
cycle lengths before merge (length:number) = {3: 3, 8: 1, 14: 1, 26: 1}
merge operation: 26 + 3 = 29
merge operation: 3 + 14 = 17
merge operation: 29 + 3 = 32
number of merge operations = 3
number of resulting cycles = 3
cycle lengths after merge (length:number) = {8: 1, 17: 1, 32: 1}
gb-trace iteration=2 subcycle id=C1 vertices=[i0,u1,y1,z1,Z1,V0,Z0,Y0,U0,u0,y0,z0,U3,Y3,X0,Z3,z3,x3,X3,k3,j3,W3,w3,y3,u3,k0]
gb-trace iteration=2 subcycle id=C2 vertices=[j0,W0,Z2,z2,x2,k2,X2,U2,Y2,W2,j2,w2,y2,u2]
gb-trace iteration=2 subcycle id=C3 vertices=[i1,V1,v1]
gb-trace iteration=2 subcycle id=C4 vertices=[j1,w1,W1,Y1,U1,X1,x1,k1]
gb-trace iteration=2 subcycle id=C5 vertices=[i2,V2,v2]
gb-trace iteration=2 subcycle id=C6 vertices=[i3,v3,V3]
gb-trace iteration=2 merge C1 + C3 = C7
gb-trace iteration=2 merge C5 + C2 = C8
gb-trace iteration=2 merge C7 + C6 = C9
gb-trace iteration=2 resulting id=C4 vertices=[j1,w1,W1,Y1,U1,X1,x1,k1]
gb-trace iteration=2 resulting id=C8 vertices=[i2,V2,Z2,z2,x2,k2,X2,U2,Y2,W2,j2,w2,y2,u2,j0,W0,v2]
gb-trace iteration=2 resulting id=C9 vertices=[i0,u1,y1,z1,Z1,V1,i1,v1,V0,Z0,Y0,U0,u0,y0,z0,U3,Y3,X0,v3,i3,V3,Z3,z3,x3,X3,k3,j3,W3,w3,y3,u3,k0]
cut arcs by clause length (length:number) = {4: 2, 12: 2, 16: 2}
number of added block clauses (this increment) = 6
number of added block clauses (accumulated) = 18
add block clauses time = 132.691us
increment time = 219.867us

CEGAR iteration...
cegar iteration = 3
sat solving time = 69.695us
number of subcycles found = 5
cycle lengths before merge (length:number) = {3: 3, 13: 1, 35: 1}
merge operation: 35 + 3 = 38
merge operation: 3 + 38 = 41
merge operation: 3 + 13 = 16
number of merge operations = 3
number of resulting cycles = 2
cycle lengths after merge (length:number) = {16: 1, 41: 1}
gb-trace iteration=3 subcycle id=C1 vertices=[i0,j0,u2,y2,W0,Z2,z2,x2,X2,k2,j2,w2,W2,Y2,U2,y0,u0,U0,Y0,Z0,z0,U3,Y3,X0,Z3,z3,x3,X3,k3,j3,W3,w3,y3,u3,k0]
gb-trace iteration=3 subcycle id=C2 vertices=[V0,u1,y1,z1,Z1,Y1,U1,X1,x1,k1,j1,w1,W1]
gb-trace iteration=3 subcycle id=C3 vertices=[i1,V1,v1]
gb-trace iteration=3 subcycle id=C4 vertices=[i2,V2,v2]
gb-trace iteration=3 subcycle id=C5 vertices=[i3,v3,V3]
gb-trace iteration=3 merge C1 + C4 = C6
gb-trace iteration=3 merge C5 + C6 = C7
gb-trace iteration=3 merge C3 + C2 = C8
gb-trace iteration=3 resulting id=C7 vertices=[i3,v3,X0,Y3,U3,z0,Z0,Y0,U0,u0,y0,U2,Y2,W2,w2,j2,k2,X2,x2,z2,Z2,V2,i2,v2,W0,y2,u2,j0,i0,k0,u3,y3,w3,W3,j3,k3,X3,x3,z3,Z3,V3]
gb-trace iteration=3 resulting id=C8 vertices=[i1,V1,V0,W1,w1,j1,k1,x1,X1,U1,Y1,Z1,z1,y1,u1,v1]
cut arcs by clause length (length:number) = {4: 4}
number of added block clauses (this increment) = 4
number of added block clauses (accumulated) = 22
add block clauses time = 71.509us
increment time = 141.204us

CEGAR iteration...
cegar iteration = 4
sat solving time = 17.165us
number of subcycles found = 5
cycle lengths before merge (length:number) = {3: 3, 14: 1, 34: 1}
merge operation: 34 + 3 = 37
merge operation: 3 + 37 = 40
number of merge operations = 2
number of resulting cycles = 3
cycle lengths after merge (length:number) = {3: 1, 14: 1, 40: 1}
gb-trace iteration=4 subcycle id=C1 vertices=[i0,u1,y1,z1,Z1,Y1,U1,X1,x1,k1,j1,w1,W1,V0]
gb-trace iteration=4 subcycle id=C2 vertices=[j0,u2,y2,W0,Z2,z2,x2,X2,k2,j2,w2,W2,Y2,U2,y0,u0,U0,Y0,Z0,z0,U3,Y3,X0,Z3,z3,x3,X3,k3,j3,W3,w3,y3,u3,k0]
gb-trace iteration=4 subcycle id=C3 vertices=[i1,V1,v1]
gb-trace iteration=4 subcycle id=C4 vertices=[i2,V2,v2]
gb-trace iteration=4 subcycle id=C5 vertices=[i3,v3,V3]
gb-trace iteration=4 merge C2 + C4 = C6
gb-trace iteration=4 merge C5 + C6 = C7
gb-trace iteration=4 resulting id=C1 vertices=[i0,u1,y1,z1,Z1,Y1,U1,X1,x1,k1,j1,w1,W1,V0]
gb-trace iteration=4 resulting id=C3 vertices=[i1,V1,v1]
gb-trace iteration=4 resulting id=C7 vertices=[i3,v3,X0,Y3,U3,z0,Z0,Y0,U0,u0,y0,U2,Y2,W2,w2,j2,k2,X2,x2,z2,Z2,V2,i2,v2,W0,y2,u2,j0,k0,u3,y3,w3,W3,j3,k3,X3,x3,z3,Z3,V3]
cut arcs by clause length (length:number) = {4: 2, 6: 2, 10: 2}
number of added block clauses (this increment) = 6
number of added block clauses (accumulated) = 28
add block clauses time = 75.376us
increment time = 92.541us

CEGAR iteration...
cegar iteration = 5
sat solving time = 56.563us
number of subcycles found = 4
cycle lengths before merge (length:number) = {3: 1, 8: 1, 20: 1, 26: 1}
merge operation: 26 + 8 = 34
merge operation: 3 + 34 = 37
number of merge operations = 2
number of resulting cycles = 2
cycle lengths after merge (length:number) = {20: 1, 37: 1}
gb-trace iteration=5 subcycle id=C1 vertices=[i0,u1,y1,w1,W1,Y1,U1,X1,V0,Z0,z0,U3,Y3,X0,Z3,z3,x3,X3,k3,j3,W3,w3,y3,u3,k0,j0]
gb-trace iteration=5 subcycle id=C2 vertices=[u0,U0,Y0,W0,Z2,z2,x2,X2,k2,j2,i2,V2,v2,u2,y2,w2,W2,Y2,U2,y0]
gb-trace iteration=5 subcycle id=C3 vertices=[i1,j1,k1,x1,z1,Z1,V1,v1]
gb-trace iteration=5 subcycle id=C4 vertices=[i3,v3,V3]
gb-trace iteration=5 merge C1 + C3 = C5
gb-trace iteration=5 merge C4 + C5 = C6
gb-trace iteration=5 resulting id=C2 vertices=[u0,U0,Y0,W0,Z2,z2,x2,X2,k2,j2,i2,V2,v2,u2,y2,w2,W2,Y2,U2,y0]
gb-trace iteration=5 resulting id=C6 vertices=[i3,v3,X0,Y3,U3,z0,Z0,V0,x1,z1,Z1,V1,v1,i1,j1,k1,X1,U1,Y1,W1,w1,y1,u1,i0,j0,k0,u3,y3,w3,W3,j3,k3,X3,x3,z3,Z3,V3]
cut arcs by clause length (length:number) = {6: 4}
number of added block clauses (this increment) = 4
number of added block clauses (accumulated) = 32
add block clauses time = 69.913us
increment time = 126.476us

CEGAR iteration...
cegar iteration = 6
sat solving time = 38.082us
number of subcycles found = 5
cycle lengths before merge (length:number) = {3: 1, 9: 1, 10: 1, 11: 1, 24: 1}
merge operation: 24 + 10 = 34
merge operation: 9 + 11 = 20
merge operation: 3 + 34 = 37
number of merge operations = 3
number of resulting cycles = 2
cycle lengths after merge (length:number) = {20: 1, 37: 1}
gb-trace iteration=6 subcycle id=C1 vertices=[i0,j0,u2,y2,w2,W2,Y2,U2,y0,z0,U3,Y3,X0,Z3,z3,x3,X3,k3,j3,W3,w3,y3,u3,k0]
gb-trace iteration=6 subcycle id=C2 vertices=[u0,U0,Y0,Z0,V0,u1,y1,w1,W1,Y1,U1]
gb-trace iteration=6 subcycle id=C3 vertices=[W0,Z2,z2,x2,X2,k2,j2,i2,V2,v2]
gb-trace iteration=6 subcycle id=C4 vertices=[i1,j1,k1,X1,x1,z1,Z1,V1,v1]
gb-trace iteration=6 subcycle id=C5 vertices=[i3,v3,V3]
gb-trace iteration=6 merge C1 + C3 = C6
gb-trace iteration=6 merge C4 + C2 = C7
gb-trace iteration=6 merge C5 + C6 = C8
gb-trace iteration=6 resulting id=C7 vertices=[i1,j1,k1,X1,x1,z1,Z1,V1,V0,Z0,Y0,U0,u0,U1,Y1,W1,w1,y1,u1,v1]
gb-trace iteration=6 resulting id=C8 vertices=[i3,v3,X0,Y3,U3,z0,y0,U2,Y2,W2,w2,y2,u2,v2,V2,i2,j2,k2,X2,x2,z2,Z2,W0,j0,i0,k0,u3,y3,w3,W3,j3,k3,X3,x3,z3,Z3,V3]
cut arcs by clause length (length:number) = {6: 4}
number of added block clauses (this increment) = 4
number of added block clauses (accumulated) = 36
add block clauses time = 71.220us
increment time = 109.302us

CEGAR iteration...
cegar iteration = 7
sat solving time = 23.783us
number of subcycles found = 5
cycle lengths before merge (length:number) = {3: 1, 9: 1, 10: 1, 12: 1, 23: 1}
merge operation: 23 + 10 = 33
merge operation: 3 + 33 = 36
number of merge operations = 2
number of resulting cycles = 3
cycle lengths after merge (length:number) = {9: 1, 12: 1, 36: 1}
gb-trace iteration=7 subcycle id=C1 vertices=[i0,u1,y1,w1,W1,Y1,U1,u0,U0,Y0,Z0,V0]
gb-trace iteration=7 subcycle id=C2 vertices=[j0,u2,y2,w2,W2,Y2,U2,y0,z0,U3,Y3,X0,Z3,z3,x3,X3,k3,j3,W3,w3,y3,u3,k0]
gb-trace iteration=7 subcycle id=C3 vertices=[W0,Z2,z2,x2,X2,k2,j2,i2,V2,v2]
gb-trace iteration=7 subcycle id=C4 vertices=[i1,j1,k1,X1,x1,z1,Z1,V1,v1]
gb-trace iteration=7 subcycle id=C5 vertices=[i3,v3,V3]
gb-trace iteration=7 merge C2 + C3 = C6
gb-trace iteration=7 merge C5 + C6 = C7
gb-trace iteration=7 resulting id=C1 vertices=[i0,u1,y1,w1,W1,Y1,U1,u0,U0,Y0,Z0,V0]
gb-trace iteration=7 resulting id=C4 vertices=[i1,j1,k1,X1,x1,z1,Z1,V1,v1]
gb-trace iteration=7 resulting id=C7 vertices=[i3,v3,X0,Y3,U3,z0,y0,U2,Y2,W2,w2,y2,u2,v2,V2,i2,j2,k2,X2,x2,z2,Z2,W0,j0,k0,u3,y3,w3,W3,j3,k3,X3,x3,z3,Z3,V3]
cut arcs by clause length (length:number) = {6: 2, 12: 2, 18: 2}
number of added block clauses (this increment) = 6
number of added block clauses (accumulated) = 42
add block clauses time = 83.524us
increment time = 107.307us

CEGAR iteration...
cegar iteration = 8
sat solving time = 117.276us
number of subcycles found = 6
cycle lengths before merge (length:number) = {3: 1, 6: 1, 8: 1, 9: 1, 13: 1, 18: 1}
merge operation: 18 + 6 = 24
merge operation: 3 + 24 = 27
number of merge operations = 2
number of resulting cycles = 4
cycle lengths after merge (length:number) = {8: 1, 9: 1, 13: 1, 27: 1}
gb-trace iteration=8 subcycle id=C1 vertices=[i0,V0,Z0,z0,U3,Y3,X0,Z3,z3,x3,X3,k3,j3,W3,w3,y3,u3,k0]
gb-trace iteration=8 subcycle id=C2 vertices=[j0,u2,y2,w2,j2,W2,Y2,U2,y0,u0,U0,Y0,W0]
gb-trace iteration=8 subcycle id=C3 vertices=[i1,k1,x1,X1,U1,Y1,W1,w1,j1]
gb-trace iteration=8 subcycle id=C4 vertices=[u1,v1,V1,Z1,z1,y1]
gb-trace iteration=8 subcycle id=C5 vertices=[i2,k2,X2,x2,z2,Z2,V2,v2]
gb-trace iteration=8 subcycle id=C6 vertices=[i3,v3,V3]
gb-trace iteration=8 merge C1 + C4 = C7
gb-trace iteration=8 merge C6 + C7 = C8
gb-trace iteration=8 resulting id=C5 vertices=[i2,k2,X2,x2,z2,Z2,V2,v2]
gb-trace iteration=8 resulting id=C2 vertices=[j0,u2,y2,w2,j2,W2,Y2,U2,y0,u0,U0,Y0,W0]
gb-trace iteration=8 resulting id=C3 vertices=[i1,k1,x1,X1,U1,Y1,W1,w1,j1]
gb-trace iteration=8 resulting id=C8 vertices=[i3,v3,X0,Y3,U3,z0,Z0,V0,v1,V1,Z1,z1,y1,u1,i0,k0,u3,y3,w3,W3,j3,k3,X3,x3,z3,Z3,V3]
cut arcs by clause length (length:number) = {12: 4, 16: 2, 18: 2}
number of added block clauses (this increment) = 8
number of added block clauses (accumulated) = 50
add block clauses time = 156.047us
increment time = 273.323us

CEGAR iteration...
cegar iteration = 9
sat solving time = 34.694us
number of subcycles found = 6
cycle lengths before merge (length:number) = {3: 2, 7: 1, 12: 1, 14: 1, 18: 1}
merge operation: 18 + 12 = 30
merge operation: 3 + 30 = 33
number of merge operations = 2
number of resulting cycles = 4
cycle lengths after merge (length:number) = {3: 1, 7: 1, 14: 1, 33: 1}
gb-trace iteration=9 subcycle id=C1 vertices=[i0,V0,Z0,z0,U3,Y3,X0,Z3,z3,x3,X3,k3,j3,W3,w3,y3,u3,k0]
gb-trace iteration=9 subcycle id=C2 vertices=[j0,u2,v2,V2,i2,k2,x2,X2,U2,y0,u0,U0,Y0,W0]
gb-trace iteration=9 subcycle id=C3 vertices=[i1,k1,j1]
gb-trace iteration=9 subcycle id=C4 vertices=[u1,v1,V1,Z1,z1,x1,X1,U1,Y1,W1,w1,y1]
gb-trace iteration=9 subcycle id=C5 vertices=[j2,w2,y2,z2,Z2,Y2,W2]
gb-trace iteration=9 subcycle id=C6 vertices=[i3,v3,V3]
gb-trace iteration=9 merge C1 + C4 = C7
gb-trace iteration=9 merge C6 + C7 = C8
gb-trace iteration=9 resulting id=C5 vertices=[j2,w2,y2,z2,Z2,Y2,W2]
gb-trace iteration=9 resulting id=C2 vertices=[j0,u2,v2,V2,i2,k2,x2,X2,U2,y0,u0,U0,Y0,W0]
gb-trace iteration=9 resulting id=C3 vertices=[i1,k1,j1]
gb-trace iteration=9 resulting id=C8 vertices=[i3,v3,X0,Y3,U3,z0,Z0,V0,v1,V1,Z1,z1,x1,X1,U1,Y1,W1,w1,y1,u1,i0,k0,u3,y3,w3,W3,j3,k3,X3,x3,z3,Z3,V3]
cut arcs by clause length (length:number) = {6: 2, 12: 4, 18: 2}
number of added block clauses (this increment) = 8
number of added block clauses (accumulated) = 58
add block clauses time = 128.251us
increment time = 162.945us

CEGAR iteration...
cegar iteration = 10
sat solving time = 50.464us
number of subcycles found = 6
cycle lengths before merge (length:number) = {3: 3, 12: 1, 18: 2}
merge operation: 18 + 12 = 30
merge operation: 3 + 30 = 33
number of merge operations = 2
number of resulting cycles = 4
cycle lengths after merge (length:number) = {3: 2, 18: 1, 33: 1}
gb-trace iteration=10 subcycle id=C1 vertices=[i0,V0,Z0,z0,U3,Y3,X0,Z3,z3,x3,X3,k3,j3,W3,w3,y3,u3,k0]
gb-trace iteration=10 subcycle id=C2 vertices=[j0,u2,y2,z2,Z2,Y2,W2,w2,j2,k2,x2,X2,U2,y0,u0,U0,Y0,W0]
gb-trace iteration=10 subcycle id=C3 vertices=[i1,k1,x1,X1,U1,Y1,Z1,z1,y1,u1,v1,V1]
gb-trace iteration=10 subcycle id=C4 vertices=[j1,w1,W1]
gb-trace iteration=10 subcycle id=C5 vertices=[i2,v2,V2]
gb-trace iteration=10 subcycle id=C6 vertices=[i3,v3,V3]
gb-trace iteration=10 merge C1 + C3 = C7
gb-trace iteration=10 merge C6 + C7 = C8
gb-trace iteration=10 resulting id=C5 vertices=[i2,v2,V2]
gb-trace iteration=10 resulting id=C2 vertices=[j0,u2,y2,z2,Z2,Y2,W2,w2,j2,k2,x2,X2,U2,y0,u0,U0,Y0,W0]
gb-trace iteration=10 resulting id=C4 vertices=[j1,w1,W1]
gb-trace iteration=10 resulting id=C8 vertices=[i3,v3,X0,Y3,U3,z0,Z0,V0,v1,V1,i1,k1,x1,X1,U1,Y1,Z1,z1,y1,u1,i0,k0,u3,y3,w3,W3,j3,k3,X3,x3,z3,Z3,V3]
cut arcs by clause length (length:number) = {6: 4, 12: 4}
number of added block clauses (this increment) = 8
number of added block clauses (accumulated) = 66
add block clauses time = 81.719us
increment time = 132.183us

CEGAR iteration...
cegar iteration = 11
sat solving time = 27.762us
number of subcycles found = 6
cycle lengths before merge (length:number) = {3: 1, 6: 2, 9: 1, 15: 1, 18: 1}
merge operation: 18 + 9 = 27
merge operation: 3 + 27 = 30
merge operation: 6 + 30 = 36
number of merge operations = 3
number of resulting cycles = 3
cycle lengths after merge (length:number) = {6: 1, 15: 1, 36: 1}
gb-trace iteration=11 subcycle id=C1 vertices=[i0,V0,Z0,z0,U3,Y3,X0,Z3,z3,x3,X3,k3,j3,W3,w3,y3,u3,k0]
gb-trace iteration=11 subcycle id=C2 vertices=[j0,u2,v2,V2,i2,j2,k2,x2,X2,U2,y0,u0,U0,Y0,W0]
gb-trace iteration=11 subcycle id=C3 vertices=[i1,V1,v1,u1,y1,w1,W1,j1,k1]
gb-trace iteration=11 subcycle id=C4 vertices=[x1,X1,U1,Y1,Z1,z1]
gb-trace iteration=11 subcycle id=C5 vertices=[w2,y2,z2,Z2,Y2,W2]
gb-trace iteration=11 subcycle id=C6 vertices=[i3,v3,V3]
gb-trace iteration=11 merge C1 + C3 = C7
gb-trace iteration=11 merge C6 + C7 = C8
gb-trace iteration=11 merge C4 + C8 = C9
gb-trace iteration=11 resulting id=C5 vertices=[w2,y2,z2,Z2,Y2,W2]
gb-trace iteration=11 resulting id=C2 vertices=[j0,u2,v2,V2,i2,j2,k2,x2,X2,U2,y0,u0,U0,Y0,W0]
gb-trace iteration=11 resulting id=C9 vertices=[x1,X1,U1,Y1,Z1,V0,Z0,z0,U3,Y3,X0,v3,i3,V3,Z3,z3,x3,X3,k3,j3,W3,w3,y3,u3,k0,i0,u1,v1,V1,i1,k1,j1,W1,w1,y1,z1]
cut arcs by clause length (length:number) = {6: 2, 12: 2, 18: 2}
number of added block clauses (this increment) = 6
number of added block clauses (accumulated) = 72
add block clauses time = 85.273us
increment time = 113.035us

CEGAR iteration...
cegar iteration = 12
sat solving time = 465.570us
number of subcycles found = 4
cycle lengths before merge (length:number) = {3: 1, 10: 1, 14: 1, 30: 1}
merge operation: 30 + 10 = 40
merge operation: 14 + 3 = 17
number of merge operations = 2
number of resulting cycles = 2
cycle lengths after merge (length:number) = {17: 1, 40: 1}
gb-trace iteration=12 subcycle id=C1 vertices=[i0,u1,y1,w1,W1,Y1,U1,u0,U0,Y0,Z0,z0,y0,U2,X2,x2,k2,i2,V2,v2,W0,z2,Z2,Y2,W2,j2,w2,y2,u2,j0]
gb-trace iteration=12 subcycle id=C2 vertices=[k0,X0,u3]
gb-trace iteration=12 subcycle id=C3 vertices=[V0,z1,x1,X1,k1,j1,i1,v1,V1,Z1]
gb-trace iteration=12 subcycle id=C4 vertices=[i3,v3,V3,Z3,Y3,U3,X3,x3,z3,y3,w3,W3,j3,k3]
gb-trace iteration=12 merge C1 + C3 = C5
gb-trace iteration=12 merge C4 + C2 = C6
gb-trace iteration=12 resulting id=C5 vertices=[i0,u1,V0,Z1,V1,v1,i1,j1,k1,X1,x1,z1,y1,w1,W1,Y1,U1,u0,U0,Y0,Z0,z0,y0,U2,X2,x2,k2,i2,V2,v2,W0,z2,Z2,Y2,W2,j2,w2,y2,u2,j0]
gb-trace iteration=12 resulting id=C6 vertices=[i3,v3,u3,k0,X0,V3,Z3,Y3,U3,X3,x3,z3,y3,w3,W3,j3,k3]
cut arcs by clause length (length:number) = {4: 4}
number of added block clauses (this increment) = 4
number of added block clauses (accumulated) = 76
add block clauses time = 71.915us
increment time = 537.485us

CEGAR iteration...
cegar iteration = 13
sat solving time = 22.203us
number of subcycles found = 4
cycle lengths before merge (length:number) = {9: 1, 10: 1, 12: 1, 26: 1}
merge operation: 26 + 10 = 36
number of merge operations = 1
number of resulting cycles = 3
cycle lengths after merge (length:number) = {9: 1, 12: 1, 36: 1}
gb-trace iteration=13 subcycle id=C1 vertices=[i0,u1,y1,w1,W1,Y1,U1,u0,y0,U2,X2,x2,k2,i2,V2,v2,W0,z2,Z2,Y2,W2,j2,w2,y2,u2,j0]
gb-trace iteration=13 subcycle id=C2 vertices=[k0,X0,U0,Y0,Z0,z0,U3,X3,x3,z3,y3,u3]
gb-trace iteration=13 subcycle id=C3 vertices=[V0,z1,x1,X1,k1,j1,i1,v1,V1,Z1]
gb-trace iteration=13 subcycle id=C4 vertices=[i3,v3,V3,Z3,Y3,W3,w3,j3,k3]
gb-trace iteration=13 merge C1 + C3 = C5
gb-trace iteration=13 resulting id=C4 vertices=[i3,v3,V3,Z3,Y3,W3,w3,j3,k3]
gb-trace iteration=13 resulting id=C2 vertices=[k0,X0,U0,Y0,Z0,z0,U3,X3,x3,z3,y3,u3]
gb-trace iteration=13 resulting id=C5 vertices=[i0,u1,V0,Z1,V1,v1,i1,j1,k1,X1,x1,z1,y1,w1,W1,Y1,U1,u0,y0,U2,X2,x2,k2,i2,V2,v2,W0,z2,Z2,Y2,W2,j2,w2,y2,u2,j0]
cut arcs by clause length (length:number) = {6: 2, 12: 2, 18: 2}
number of added block clauses (this increment) = 6
number of added block clauses (accumulated) = 82
add block clauses time = 75.394us
increment time = 97.597us

CEGAR iteration...
cegar iteration = 14
sat solving time = 65.117us
number of subcycles found = 3
cycle lengths before merge (length:number) = {6: 1, 14: 1, 37: 1}
merge operation: 6 + 14 = 20
number of merge operations = 1
number of resulting cycles = 2
cycle lengths after merge (length:number) = {20: 1, 37: 1}
gb-trace iteration=14 subcycle id=C1 vertices=[i0,u1,y1,z1,x1,X1,k1,j1,i1,v1,V1,Z1,V0,w1,W1,Y1,U1,u0,y0,U2,X2,x2,k2,i2,V2,v2,W0,z2,Z2,Y2,W2,j2,w2,y2,u2,j0,k0]
gb-trace iteration=14 subcycle id=C2 vertices=[z0,U3,X0,U0,Y0,Z0]
gb-trace iteration=14 subcycle id=C3 vertices=[i3,k3,X3,x3,z3,y3,u3,v3,V3,Z3,Y3,W3,w3,j3]
gb-trace iteration=14 merge C2 + C3 = C4
gb-trace iteration=14 resulting id=C1 vertices=[i0,u1,y1,z1,x1,X1,k1,j1,i1,v1,V1,Z1,V0,w1,W1,Y1,U1,u0,y0,U2,X2,x2,k2,i2,V2,v2,W0,z2,Z2,Y2,W2,j2,w2,y2,u2,j0,k0]
gb-trace iteration=14 resulting id=C4 vertices=[z0,U3,X3,k3,i3,j3,w3,W3,Y3,Z3,V3,v3,u3,y3,z3,x3,X0,U0,Y0,Z0]
cut arcs by clause length (length:number) = {6: 4}
number of added block clauses (this increment) = 4
number of added block clauses (accumulated) = 86
add block clauses time = 61.800us
increment time = 126.917us

CEGAR iteration...
cegar iteration = 15
sat solving time = 90.949us
number of subcycles found = 5
cycle lengths before merge (length:number) = {9: 2, 11: 1, 12: 1, 16: 1}
merge operation: 16 + 11 = 27
merge operation: 9 + 27 = 36
number of merge operations = 2
number of resulting cycles = 3
cycle lengths after merge (length:number) = {9: 1, 12: 1, 36: 1}
gb-trace iteration=15 subcycle id=C1 vertices=[i0,V0,Z0,z0,y0,u0,U1,X1,x1,z1,y1,u1]
gb-trace iteration=15 subcycle id=C2 vertices=[j0,k0,u3,v3,V3,Z3,Y3,U3,X0,U0,Y0,W0,V2,i2,v2,u2]
gb-trace iteration=15 subcycle id=C3 vertices=[i1,k1,j1,w1,W1,Y1,Z1,V1,v1]
gb-trace iteration=15 subcycle id=C4 vertices=[j2,W2,w2,y2,z2,Z2,Y2,U2,X2,x2,k2]
gb-trace iteration=15 subcycle id=C5 vertices=[i3,k3,X3,x3,z3,y3,w3,W3,j3]
gb-trace iteration=15 merge C2 + C4 = C6
gb-trace iteration=15 merge C5 + C6 = C7
gb-trace iteration=15 resulting id=C1 vertices=[i0,V0,Z0,z0,y0,u0,U1,X1,x1,z1,y1,u1]
gb-trace iteration=15 resulting id=C3 vertices=[i1,k1,j1,w1,W1,Y1,Z1,V1,v1]
gb-trace iteration=15 resulting id=C7 vertices=[i3,k3,X3,U3,Y3,Z3,V3,v3,u3,k0,j0,u2,v2,i2,V2,Z2,Y2,U2,X2,x2,k2,j2,W2,w2,y2,z2,W0,Y0,U0,X0,x3,z3,y3,w3,W3,j3]
cut arcs by clause length (length:number) = {6: 2, 12: 2, 18: 2}
number of added block clauses (this increment) = 6
number of added block clauses (accumulated) = 92
add block clauses time = 83.520us
increment time = 174.469us

CEGAR iteration...
cegar iteration = 16
sat solving time = 58.145us
number of subcycles found = 6
cycle lengths before merge (length:number) = {7: 2, 8: 2, 13: 1, 14: 1}
merge operation: 14 + 8 = 22
merge operation: 7 + 22 = 29
number of merge operations = 2
number of resulting cycles = 4
cycle lengths after merge (length:number) = {7: 1, 8: 1, 13: 1, 29: 1}
gb-trace iteration=16 subcycle id=C1 vertices=[i0,V0,Z0,Y0,W0,w2,y2,z2,Z2,V2,i2,v2,u2,j0]
gb-trace iteration=16 subcycle id=C2 vertices=[k0,X0,U0,u0,y0,z0,U3,X3,k3,x3,z3,y3,u3]
gb-trace iteration=16 subcycle id=C3 vertices=[i1,j1,W1,w1,y1,u1,v1,V1]
gb-trace iteration=16 subcycle id=C4 vertices=[k1,x1,z1,Z1,Y1,U1,X1]
gb-trace iteration=16 subcycle id=C5 vertices=[j2,W2,Y2,U2,X2,x2,k2]
gb-trace iteration=16 subcycle id=C6 vertices=[i3,v3,V3,Z3,Y3,W3,w3,j3]
gb-trace iteration=16 merge C1 + C3 = C7
gb-trace iteration=16 merge C5 + C7 = C8
gb-trace iteration=16 resulting id=C4 vertices=[k1,x1,z1,Z1,Y1,U1,X1]
gb-trace iteration=16 resulting id=C2 vertices=[k0,X0,U0,u0,y0,z0,U3,X3,k3,x3,z3,y3,u3]
gb-trace iteration=16 resulting id=C6 vertices=[i3,v3,V3,Z3,Y3,W3,w3,j3]
gb-trace iteration=16 resulting id=C8 vertices=[j2,w2,y2,z2,Z2,V2,i2,v2,u2,j0,i0,u1,y1,w1,W1,j1,i1,V1,v1,V0,Z0,Y0,W0,W2,Y2,U2,X2,x2,k2]
cut arcs by clause length (length:number) = {12: 4, 16: 2, 18: 2}
number of added block clauses (this increment) = 8
number of added block clauses (accumulated) = 100
add block clauses time = 88.716us
increment time = 146.861us

CEGAR iteration...
cegar iteration = 17
sat solving time = 18.513us
number of subcycles found = 6
cycle lengths before merge (length:number) = {3: 1, 6: 1, 7: 1, 9: 1, 14: 1, 18: 1}
merge operation: 14 + 9 = 23
merge operation: 7 + 23 = 30
number of merge operations = 2
number of resulting cycles = 4
cycle lengths after merge (length:number) = {3: 1, 6: 1, 18: 1, 30: 1}
gb-trace iteration=17 subcycle id=C1 vertices=[i0,V0,Z0,Y0,W0,w2,y2,z2,Z2,V2,i2,v2,u2,j0]
gb-trace iteration=17 subcycle id=C2 vertices=[k0,X0,U0,u0,y0,z0,U3,X3,k3,x3,z3,Z3,Y3,W3,j3,w3,y3,u3]
gb-trace iteration=17 subcycle id=C3 vertices=[i1,k1,j1,W1,w1,y1,u1,v1,V1]
gb-trace iteration=17 subcycle id=C4 vertices=[x1,z1,Z1,Y1,U1,X1]
gb-trace iteration=17 subcycle id=C5 vertices=[j2,W2,Y2,U2,X2,x2,k2]
gb-trace iteration=17 subcycle id=C6 vertices=[i3,v3,V3]
gb-trace iteration=17 merge C1 + C3 = C7
gb-trace iteration=17 merge C5 + C7 = C8
gb-trace iteration=17 resulting id=C4 vertices=[x1,z1,Z1,Y1,U1,X1]
gb-trace iteration=17 resulting id=C2 vertices=[k0,X0,U0,u0,y0,z0,U3,X3,k3,x3,z3,Z3,Y3,W3,j3,w3,y3,u3]
gb-trace iteration=17 resulting id=C6 vertices=[i3,v3,V3]
gb-trace iteration=17 resulting id=C8 vertices=[j2,w2,y2,z2,Z2,V2,i2,v2,u2,j0,i0,u1,y1,w1,W1,j1,k1,i1,V1,v1,V0,Z0,Y0,W0,W2,Y2,U2,X2,x2,k2]
cut arcs by clause length (length:number) = {6: 2, 12: 4, 16: 2}
number of added block clauses (this increment) = 8
number of added block clauses (accumulated) = 108
add block clauses time = 85.769us
increment time = 104.282us

CEGAR iteration...
cegar iteration = 18
sat solving time = 44.402us
number of subcycles found = 4
cycle lengths before merge (length:number) = {7: 1, 14: 1, 15: 1, 21: 1}
merge operation: 14 + 15 = 29
merge operation: 7 + 29 = 36
number of merge operations = 2
number of resulting cycles = 2
cycle lengths after merge (length:number) = {21: 1, 36: 1}
gb-trace iteration=18 subcycle id=C1 vertices=[i0,V0,Z0,Y0,W0,w2,y2,z2,Z2,V2,i2,v2,u2,j0]
gb-trace iteration=18 subcycle id=C2 vertices=[k0,X0,U0,u0,y0,z0,U3,X3,k3,x3,z3,y3,w3,j3,W3,Y3,Z3,V3,i3,v3,u3]
gb-trace iteration=18 subcycle id=C3 vertices=[i1,V1,Z1,z1,x1,k1,X1,U1,Y1,W1,j1,w1,y1,u1,v1]
gb-trace iteration=18 subcycle id=C4 vertices=[j2,W2,Y2,U2,X2,x2,k2]
gb-trace iteration=18 merge C1 + C3 = C5
gb-trace iteration=18 merge C4 + C5 = C6
gb-trace iteration=18 resulting id=C2 vertices=[k0,X0,U0,u0,y0,z0,U3,X3,k3,x3,z3,y3,w3,j3,W3,Y3,Z3,V3,i3,v3,u3]
gb-trace iteration=18 resulting id=C6 vertices=[j2,w2,y2,z2,Z2,V2,i2,v2,u2,j0,i0,u1,y1,w1,j1,W1,Y1,U1,X1,k1,x1,z1,Z1,V1,i1,v1,V0,Z0,Y0,W0,W2,Y2,U2,X2,x2,k2]
cut arcs by clause length (length:number) = {6: 4}
number of added block clauses (this increment) = 4
number of added block clauses (accumulated) = 112
add block clauses time = 69.715us
increment time = 114.117us

CEGAR iteration...
cegar iteration = 19
sat solving time = 21.764us
number of subcycles found = 4
cycle lengths before merge (length:number) = {7: 1, 15: 2, 20: 1}
merge operation: 15 + 15 = 30
merge operation: 7 + 30 = 37
number of merge operations = 2
number of resulting cycles = 2
cycle lengths after merge (length:number) = {20: 1, 37: 1}
gb-trace iteration=19 subcycle id=C1 vertices=[i0,V0,Z0,Y0,W0,w2,y2,z2,Z2,V2,i2,v2,u2,j0,k0]
gb-trace iteration=19 subcycle id=C2 vertices=[u0,y0,z0,U3,X3,k3,x3,z3,y3,w3,j3,W3,Y3,Z3,V3,i3,v3,u3,X0,U0]
gb-trace iteration=19 subcycle id=C3 vertices=[i1,V1,Z1,z1,x1,k1,X1,U1,Y1,W1,j1,w1,y1,u1,v1]
gb-trace iteration=19 subcycle id=C4 vertices=[j2,W2,Y2,U2,X2,x2,k2]
gb-trace iteration=19 merge C1 + C3 = C5
gb-trace iteration=19 merge C4 + C5 = C6
gb-trace iteration=19 resulting id=C2 vertices=[u0,y0,z0,U3,X3,k3,x3,z3,y3,w3,j3,W3,Y3,Z3,V3,i3,v3,u3,X0,U0]
gb-trace iteration=19 resulting id=C6 vertices=[j2,w2,y2,z2,Z2,V2,i2,v2,u2,j0,k0,i0,u1,y1,w1,j1,W1,Y1,U1,X1,k1,x1,z1,Z1,V1,i1,v1,V0,Z0,Y0,W0,W2,Y2,U2,X2,x2,k2]
cut arcs by clause length (length:number) = {6: 4}
number of added block clauses (this increment) = 4
number of added block clauses (accumulated) = 116
add block clauses time = 63.359us
increment time = 85.123us

CEGAR iteration...
cegar iteration = 20
sat solving time = 72.366us
number of subcycles found = 3
cycle lengths before merge (length:number) = {7: 1, 20: 1, 30: 1}
merge operation: 30 + 7 = 37
number of merge operations = 1
number of resulting cycles = 2
cycle lengths after merge (length:number) = {20: 1, 37: 1}
gb-trace iteration=20 subcycle id=C1 vertices=[i0,k0,u3,y3,w3,j3,W3,Y3,U3,X3,k3,x3,z3,Z3,V3,i3,v3,X0,U0,Y0,W0,w2,y2,z2,Z2,V2,i2,v2,u2,j0]
gb-trace iteration=20 subcycle id=C2 vertices=[u0,U1,Y1,W1,j1,w1,y1,u1,v1,i1,V1,Z1,z1,x1,k1,X1,V0,Z0,z0,y0]
gb-trace iteration=20 subcycle id=C3 vertices=[j2,W2,Y2,U2,X2,x2,k2]
gb-trace iteration=20 merge C1 + C3 = C4
gb-trace iteration=20 resulting id=C2 vertices=[u0,U1,Y1,W1,j1,w1,y1,u1,v1,i1,V1,Z1,z1,x1,k1,X1,V0,Z0,z0,y0]
gb-trace iteration=20 resulting id=C4 vertices=[i0,k0,u3,y3,w3,j3,W3,Y3,U3,X3,k3,x3,z3,Z3,V3,i3,v3,X0,U0,Y0,W0,W2,Y2,U2,X2,x2,k2,j2,w2,y2,z2,Z2,V2,i2,v2,u2,j0]
cut arcs by clause length (length:number) = {6: 4}
number of added block clauses (this increment) = 4
number of added block clauses (accumulated) = 120
add block clauses time = 63.203us
increment time = 135.569us

CEGAR iteration...
cegar iteration = 21
sat solving time = 579.500us
number of subcycles found = 5
cycle lengths before merge (length:number) = {3: 1, 7: 1, 8: 1, 9: 1, 30: 1}
merge operation: 30 + 8 = 38
merge operation: 9 + 38 = 47
number of merge operations = 2
number of resulting cycles = 3
cycle lengths after merge (length:number) = {3: 1, 7: 1, 47: 1}
gb-trace iteration=21 subcycle id=C1 vertices=[i0,k0,j0]
gb-trace iteration=21 subcycle id=C2 vertices=[u0,U1,Y1,Z1,V1,i1,v1,u1,V0,Z0,Y0,W0,X2,x2,k2,j2,w2,W2,Y2,U2,y0,z0,U3,Y3,Z3,V3,v3,u3,X0,U0]
gb-trace iteration=21 subcycle id=C3 vertices=[j1,W1,w1,y1,z1,x1,X1,k1]
gb-trace iteration=21 subcycle id=C4 vertices=[i2,V2,Z2,z2,y2,u2,v2]
gb-trace iteration=21 subcycle id=C5 vertices=[i3,k3,X3,x3,z3,y3,w3,W3,j3]
gb-trace iteration=21 merge C2 + C3 = C6
gb-trace iteration=21 merge C5 + C6 = C7
gb-trace iteration=21 resulting id=C1 vertices=[i0,k0,j0]
gb-trace iteration=21 resulting id=C4 vertices=[i2,V2,Z2,z2,y2,u2,v2]
gb-trace iteration=21 resulting id=C7 vertices=[i3,k3,X3,x3,z3,X0,U0,u0,U1,Y1,Z1,V1,i1,v1,u1,y1,w1,W1,j1,k1,X1,x1,z1,V0,Z0,Y0,W0,X2,x2,k2,j2,w2,W2,Y2,U2,y0,z0,U3,Y3,Z3,V3,v3,u3,y3,w3,W3,j3]
cut arcs by clause length (length:number) = {6: 2, 12: 2, 16: 2}
number of added block clauses (this increment) = 6
number of added block clauses (accumulated) = 126
add block clauses time = 90.367us
increment time = 669.867us

CEGAR iteration...
cegar iteration = 22
sat solving time = 1.570643ms
number of subcycles found = 5
cycle lengths before merge (length:number) = {3: 2, 8: 1, 17: 1, 26: 1}
merge operation: 26 + 8 = 34
number of merge operations = 1
number of resulting cycles = 4
cycle lengths after merge (length:number) = {3: 2, 17: 1, 34: 1}
gb-trace iteration=22 subcycle id=C1 vertices=[i0,u1,V0,v1,i1,V1,Z1,Y1,U1,u0,U0,X0,v3,V3,i3,k3,x3,X3,U3,Y3,Z3,z3,y3,u3,k0,j0]
gb-trace iteration=22 subcycle id=C2 vertices=[y0,z0,Z0,Y0,W0,u2,v2,V2,Z2,Y2,W2,w2,y2,z2,x2,X2,U2]
gb-trace iteration=22 subcycle id=C3 vertices=[j1,W1,w1,y1,z1,x1,X1,k1]
gb-trace iteration=22 subcycle id=C4 vertices=[i2,j2,k2]
gb-trace iteration=22 subcycle id=C5 vertices=[j3,w3,W3]
gb-trace iteration=22 merge C1 + C3 = C6
gb-trace iteration=22 resulting id=C4 vertices=[i2,j2,k2]
gb-trace iteration=22 resulting id=C2 vertices=[y0,z0,Z0,Y0,W0,u2,v2,V2,Z2,Y2,W2,w2,y2,z2,x2,X2,U2]
gb-trace iteration=22 resulting id=C5 vertices=[j3,w3,W3]
gb-trace iteration=22 resulting id=C6 vertices=[i0,u1,y1,w1,W1,j1,k1,X1,x1,z1,V0,v1,i1,V1,Z1,Y1,U1,u0,U0,X0,v3,V3,i3,k3,x3,X3,U3,Y3,Z3,z3,y3,u3,k0,j0]
cut arcs by clause length (length:number) = {6: 4, 12: 4}
number of added block clauses (this increment) = 8
number of added block clauses (accumulated) = 134
add block clauses time = 238.503us
increment time = 1.809146ms

CEGAR iteration...
cegar iteration = 23
sat solving time = 89.384us
number of subcycles found = 4
cycle lengths before merge (length:number) = {6: 1, 8: 1, 20: 1, 23: 1}
merge operation: 23 + 8 = 31
number of merge operations = 1
number of resulting cycles = 3
cycle lengths after merge (length:number) = {6: 1, 20: 1, 31: 1}
gb-trace iteration=23 subcycle id=C1 vertices=[i0,u1,V0,v1,i1,V1,Z1,Y1,U1,u0,U0,X0,v3,V3,i3,k3,j3,W3,w3,y3,u3,k0,j0]
gb-trace iteration=23 subcycle id=C2 vertices=[y0,z0,Z0,Y0,W0,u2,v2,i2,V2,Z2,Y2,W2,j2,w2,y2,z2,x2,k2,X2,U2]
gb-trace iteration=23 subcycle id=C3 vertices=[j1,W1,w1,y1,z1,x1,X1,k1]
gb-trace iteration=23 subcycle id=C4 vertices=[x3,X3,U3,Y3,Z3,z3]
gb-trace iteration=23 merge C1 + C3 = C5
gb-trace iteration=23 resulting id=C4 vertices=[x3,X3,U3,Y3,Z3,z3]
gb-trace iteration=23 resulting id=C2 vertices=[y0,z0,Z0,Y0,W0,u2,v2,i2,V2,Z2,Y2,W2,j2,w2,y2,z2,x2,k2,X2,U2]
gb-trace iteration=23 resulting id=C5 vertices=[i0,u1,y1,w1,W1,j1,k1,X1,x1,z1,V0,v1,i1,V1,Z1,Y1,U1,u0,U0,X0,v3,V3,i3,k3,j3,W3,w3,y3,u3,k0,j0]
cut arcs by clause length (length:number) = {6: 2, 12: 2, 16: 2}
number of added block clauses (this increment) = 6
number of added block clauses (accumulated) = 140
add block clauses time = 182.012us
increment time = 271.396us

CEGAR iteration...
cegar iteration = 24
sat solving time = 804.468us
number of subcycles found = 5
cycle lengths before merge (length:number) = {8: 1, 9: 1, 12: 2, 16: 1}
merge operation: 16 + 8 = 24
merge operation: 12 + 24 = 36
number of merge operations = 2
number of resulting cycles = 3
cycle lengths after merge (length:number) = {9: 1, 12: 1, 36: 1}
gb-trace iteration=24 subcycle id=C1 vertices=[i0,k0,u3,v3,V3,X0,U0,u0,U1,Y1,Z1,V1,i1,v1,u1,V0]
gb-trace iteration=24 subcycle id=C2 vertices=[j0,W0,Y0,Z0,z0,y0,U2,Y2,Z2,V2,v2,u2]
gb-trace iteration=24 subcycle id=C3 vertices=[j1,W1,w1,y1,z1,x1,X1,k1]
gb-trace iteration=24 subcycle id=C4 vertices=[i2,j2,W2,w2,y2,z2,x2,X2,k2]
gb-trace iteration=24 subcycle id=C5 vertices=[i3,j3,W3,w3,y3,z3,Z3,Y3,U3,X3,x3,k3]
gb-trace iteration=24 merge C1 + C3 = C6
gb-trace iteration=24 merge C5 + C6 = C7
gb-trace iteration=24 resulting id=C4 vertices=[i2,j2,W2,w2,y2,z2,x2,X2,k2]
gb-trace iteration=24 resulting id=C2 vertices=[j0,W0,Y0,Z0,z0,y0,U2,Y2,Z2,V2,v2,u2]
gb-trace iteration=24 resulting id=C7 vertices=[i3,j3,W3,w3,y3,z3,X0,U0,u0,U1,Y1,Z1,V1,i1,v1,u1,y1,w1,W1,j1,k1,X1,x1,z1,V0,i0,k0,u3,v3,V3,Z3,Y3,U3,X3,x3,k3]
cut arcs by clause length (length:number) = {6: 2, 12: 2, 18: 2}
number of added block clauses (this increment) = 6
number of added block clauses (accumulated) = 146
add block clauses time = 183.981us
increment time = 988.449us

CEGAR iteration...
cegar iteration = 25
sat solving time = 6.560158ms
number of subcycles found = 4
cycle lengths before merge (length:number) = {3: 1, 8: 1, 9: 1, 37: 1}
number of merge operations = 0
number of resulting cycles = 4
cycle lengths after merge (length:number) = {3: 1, 8: 1, 9: 1, 37: 1}
gb-trace iteration=25 subcycle id=C1 vertices=[i0,V0,Z0,Y0,W0,j0,u2,y2,z2,x2,X2,k2,i2,v2,V2,Z2,Y2,U2,y0,z0,U3,Y3,W3,w3,y3,u3,k0,X0,U0,u0,U1,Y1,Z1,V1,i1,v1,u1]
gb-trace iteration=25 subcycle id=C2 vertices=[j1,W1,w1,y1,z1,x1,X1,k1]
gb-trace iteration=25 subcycle id=C3 vertices=[j2,w2,W2]
gb-trace iteration=25 subcycle id=C4 vertices=[i3,j3,k3,X3,x3,z3,Z3,V3,v3]
gb-trace iteration=25 resulting id=C1 vertices=[i0,V0,Z0,Y0,W0,j0,u2,y2,z2,x2,X2,k2,i2,v2,V2,Z2,Y2,U2,y0,z0,U3,Y3,W3,w3,y3,u3,k0,X0,U0,u0,U1,Y1,Z1,V1,i1,v1,u1]
gb-trace iteration=25 resulting id=C2 vertices=[j1,W1,w1,y1,z1,x1,X1,k1]
gb-trace iteration=25 resulting id=C3 vertices=[j2,w2,W2]
gb-trace iteration=25 resulting id=C4 vertices=[i3,j3,k3,X3,x3,z3,Z3,V3,v3]
cut arcs by clause length (length:number) = {6: 2, 12: 4, 30: 2}
number of added block clauses (this increment) = 8
number of added block clauses (accumulated) = 154
add block clauses time = 57.405us
increment time = 6.617563ms

CEGAR iteration...
cegar iteration = 26
sat solving time = 37.085us
number of subcycles found = 3
cycle lengths before merge (length:number) = {8: 2, 41: 1}
number of merge operations = 0
number of resulting cycles = 3
cycle lengths after merge (length:number) = {8: 2, 41: 1}
gb-trace iteration=26 subcycle id=C1 vertices=[i0,V0,Z0,Y0,W0,j0,u2,v2,i2,V2,Z2,Y2,W2,j2,w2,y2,z2,x2,k2,X2,U2,y0,z0,U3,Y3,W3,j3,w3,y3,u3,k0,X0,U0,u0,U1,Y1,W1,j1,w1,y1,u1]
gb-trace iteration=26 subcycle id=C2 vertices=[i1,v1,V1,Z1,z1,x1,X1,k1]
gb-trace iteration=26 subcycle id=C3 vertices=[i3,k3,X3,x3,z3,Z3,V3,v3]
gb-trace iteration=26 resulting id=C1 vertices=[i0,V0,Z0,Y0,W0,j0,u2,v2,i2,V2,Z2,Y2,W2,j2,w2,y2,z2,x2,k2,X2,U2,y0,z0,U3,Y3,W3,j3,w3,y3,u3,k0,X0,U0,u0,U1,Y1,W1,j1,w1,y1,u1]
gb-trace iteration=26 resulting id=C2 vertices=[i1,v1,V1,Z1,z1,x1,X1,k1]
gb-trace iteration=26 resulting id=C3 vertices=[i3,k3,X3,x3,z3,Z3,V3,v3]
cut arcs by clause length (length:number) = {12: 4, 24: 2}
number of added block clauses (this increment) = 6
number of added block clauses (accumulated) = 160
add block clauses time = 52.360us
increment time = 89.445us

CEGAR iteration...
cegar iteration = 27
sat solving time = 175.794us
number of subcycles found = 3
cycle lengths before merge (length:number) = {3: 1, 9: 1, 45: 1}
number of merge operations = 0
number of resulting cycles = 3
cycle lengths after merge (length:number) = {3: 1, 9: 1, 45: 1}
gb-trace iteration=27 subcycle id=C1 vertices=[i0,V0,Z0,z0,U3,X3,x3,z3,y3,w3,W3,Y3,Z3,V3,v3,u3,k0,X0,U0,Y0,W0,j0,u2,v2,i2,V2,Z2,Y2,W2,j2,w2,y2,z2,x2,k2,X2,U2,y0,u0,U1,Y1,Z1,V1,v1,u1]
gb-trace iteration=27 subcycle id=C2 vertices=[i1,j1,W1,w1,y1,z1,x1,X1,k1]
gb-trace iteration=27 subcycle id=C3 vertices=[i3,j3,k3]
gb-trace iteration=27 resulting id=C1 vertices=[i0,V0,Z0,z0,U3,X3,x3,z3,y3,w3,W3,Y3,Z3,V3,v3,u3,k0,X0,U0,Y0,W0,j0,u2,v2,i2,V2,Z2,Y2,W2,j2,w2,y2,z2,x2,k2,X2,U2,y0,u0,U1,Y1,Z1,V1,v1,u1]
gb-trace iteration=27 resulting id=C2 vertices=[i1,j1,W1,w1,y1,z1,x1,X1,k1]
gb-trace iteration=27 resulting id=C3 vertices=[i3,j3,k3]
cut arcs by clause length (length:number) = {6: 2, 12: 2, 18: 2}
number of added block clauses (this increment) = 6
number of added block clauses (accumulated) = 166
add block clauses time = 45.356us
increment time = 221.150us

CEGAR iteration...
cegar iteration = 28
sat solving time = 32.145us
number of subcycles found = 3
cycle lengths before merge (length:number) = {7: 1, 9: 1, 41: 1}
number of merge operations = 0
number of resulting cycles = 3
cycle lengths after merge (length:number) = {7: 1, 9: 1, 41: 1}
gb-trace iteration=28 subcycle id=C1 vertices=[i0,V0,Z0,z0,U3,Y3,Z3,V3,v3,u3,k0,X0,U0,Y0,W0,j0,u2,v2,i2,V2,Z2,Y2,W2,j2,w2,y2,z2,x2,k2,X2,U2,y0,u0,U1,X1,x1,k1,i1,V1,v1,u1]
gb-trace iteration=28 subcycle id=C2 vertices=[j1,W1,Y1,Z1,z1,y1,w1]
gb-trace iteration=28 subcycle id=C3 vertices=[i3,k3,X3,x3,z3,y3,w3,W3,j3]
gb-trace iteration=28 resulting id=C1 vertices=[i0,V0,Z0,z0,U3,Y3,Z3,V3,v3,u3,k0,X0,U0,Y0,W0,j0,u2,v2,i2,V2,Z2,Y2,W2,j2,w2,y2,z2,x2,k2,X2,U2,y0,u0,U1,X1,x1,k1,i1,V1,v1,u1]
gb-trace iteration=28 resulting id=C2 vertices=[j1,W1,Y1,Z1,z1,y1,w1]
gb-trace iteration=28 resulting id=C3 vertices=[i3,k3,X3,x3,z3,y3,w3,W3,j3]
cut arcs by clause length (length:number) = {12: 4, 24: 2}
number of added block clauses (this increment) = 6
number of added block clauses (accumulated) = 172
add block clauses time = 43.258us
increment time = 75.403us

CEGAR iteration...
cegar iteration = 29
sat solving time = 657.716us
number of subcycles found = 3
cycle lengths before merge (length:number) = {3: 1, 7: 1, 47: 1}
number of merge operations = 0
number of resulting cycles = 3
cycle lengths after merge (length:number) = {3: 1, 7: 1, 47: 1}
gb-trace iteration=29 subcycle id=C1 vertices=[i0,u1,v1,i1,V1,Z1,z1,y1,w1,j1,W1,Y1,U1,u0,U0,X0,k0,u3,v3,V3,i3,k3,x3,X3,U3,z0,y0,U2,X2,k2,x2,z2,y2,w2,j2,W2,Y2,Z2,V2,i2,v2,u2,j0,W0,Y0,Z0,V0]
gb-trace iteration=29 subcycle id=C2 vertices=[k1,x1,X1]
gb-trace iteration=29 subcycle id=C3 vertices=[j3,W3,Y3,Z3,z3,y3,w3]
gb-trace iteration=29 resulting id=C1 vertices=[i0,u1,v1,i1,V1,Z1,z1,y1,w1,j1,W1,Y1,U1,u0,U0,X0,k0,u3,v3,V3,i3,k3,x3,X3,U3,z0,y0,U2,X2,k2,x2,z2,y2,w2,j2,W2,Y2,Z2,V2,i2,v2,u2,j0,W0,Y0,Z0,V0]
gb-trace iteration=29 resulting id=C2 vertices=[k1,x1,X1]
gb-trace iteration=29 resulting id=C3 vertices=[j3,W3,Y3,Z3,z3,y3,w3]
cut arcs by clause length (length:number) = {6: 2, 12: 2, 18: 2}
number of added block clauses (this increment) = 6
number of added block clauses (accumulated) = 178
add block clauses time = 50.301us
increment time = 708.017us

CEGAR iteration...
cegar iteration = 30
sat solving time = 11.337us
number of subcycles found = 3
cycle lengths before merge (length:number) = {6: 2, 45: 1}
number of merge operations = 0
number of resulting cycles = 3
cycle lengths after merge (length:number) = {6: 2, 45: 1}
gb-trace iteration=30 subcycle id=C1 vertices=[i0,u1,v1,V1,i1,j1,k1,x1,X1,U1,u0,U0,X0,k0,u3,v3,V3,i3,j3,k3,x3,X3,U3,z0,y0,U2,X2,k2,x2,z2,y2,w2,j2,W2,Y2,Z2,V2,i2,v2,u2,j0,W0,Y0,Z0,V0]
gb-trace iteration=30 subcycle id=C2 vertices=[w1,y1,z1,Z1,Y1,W1]
gb-trace iteration=30 subcycle id=C3 vertices=[w3,W3,Y3,Z3,z3,y3]
gb-trace iteration=30 resulting id=C1 vertices=[i0,u1,v1,V1,i1,j1,k1,x1,X1,U1,u0,U0,X0,k0,u3,v3,V3,i3,j3,k3,x3,X3,U3,z0,y0,U2,X2,k2,x2,z2,y2,w2,j2,W2,Y2,Z2,V2,i2,v2,u2,j0,W0,Y0,Z0,V0]
gb-trace iteration=30 resulting id=C2 vertices=[w1,y1,z1,Z1,Y1,W1]
gb-trace iteration=30 resulting id=C3 vertices=[w3,W3,Y3,Z3,z3,y3]
cut arcs by clause length (length:number) = {12: 4, 24: 2}
number of added block clauses (this increment) = 6
number of added block clauses (accumulated) = 184
add block clauses time = 47.529us
increment time = 58.866us

CEGAR iteration...
cegar iteration = 31
sat solving time = 97.325us
number of subcycles found = 3
cycle lengths before merge (length:number) = {8: 2, 41: 1}
number of merge operations = 0
number of resulting cycles = 3
cycle lengths after merge (length:number) = {8: 2, 41: 1}
gb-trace iteration=31 subcycle id=C1 vertices=[i0,u1,y1,z1,x1,k1,X1,U1,u0,U0,X0,k0,u3,v3,i3,V3,Z3,Y3,U3,z0,y0,U2,X2,k2,x2,z2,y2,w2,j2,W2,Y2,Z2,V2,i2,v2,u2,j0,W0,Y0,Z0,V0]
gb-trace iteration=31 subcycle id=C2 vertices=[i1,v1,V1,Z1,Y1,W1,w1,j1]
gb-trace iteration=31 subcycle id=C3 vertices=[j3,k3,X3,x3,z3,y3,w3,W3]
gb-trace iteration=31 resulting id=C1 vertices=[i0,u1,y1,z1,x1,k1,X1,U1,u0,U0,X0,k0,u3,v3,i3,V3,Z3,Y3,U3,z0,y0,U2,X2,k2,x2,z2,y2,w2,j2,W2,Y2,Z2,V2,i2,v2,u2,j0,W0,Y0,Z0,V0]
gb-trace iteration=31 resulting id=C2 vertices=[i1,v1,V1,Z1,Y1,W1,w1,j1]
gb-trace iteration=31 resulting id=C3 vertices=[j3,k3,X3,x3,z3,y3,w3,W3]
cut arcs by clause length (length:number) = {12: 4, 24: 2}
number of added block clauses (this increment) = 6
number of added block clauses (accumulated) = 190
add block clauses time = 46.181us
increment time = 143.506us

CEGAR iteration...
cegar iteration = 32
sat solving time = 46.262us

solution: 
i0 u1 v1 i1 V1 Z1 Y1 W1 j1 w1 y1 z1 x1 k1 X1 U1 u0 U0 X0 k0 u3 v3 i3 V3 Z3 Y3 W3 j3 w3 y3 z3 x3 k3 X3 U3 z0 y0 U2 X2 k2 x2 z2 y2 w2 j2 W2 Y2 Z2 V2 i2 v2 u2 j0 W0 Y0 Z0 V0

s SATISFIABLE
overall cegar iterations = 32
overall number of added block clauses = 190
solving time = 15.982340ms
overall time = 16.177699ms
