solve benchmarks/ham-examples-col/Ggiraffe10x10.col
file input time = 168.782us
encoding time = 321.382us

encoding clauses number = 2208

CEGAR iteration...
cegar iteration = 0
sat solving time = 1.681819ms
number of subcycles found = 5
cycle lengths before merge (length:number) = {8: 3, 20: 1, 56: 1}
merge operation: 20 + 56 = 76
merge operation: 8 + 76 = 84
number of merge operations = 2
number of resulting cycles = 3
cycle lengths after merge (length:number) = {8: 2, 84: 1}
gb-trace iteration=0 subcycle id=C1 vertices=[0.0,4.1,8.2,7.6,6.2,5.6,9.7,8.3,7.7,3.6,4.2,0.1,4.0,8.1,9.5,8.9,7.5,6.9,2.8,1.4]
gb-trace iteration=0 subcycle id=C2 vertices=[0.2,4.3,3.7,7.8,3.9,4.5,0.6,1.2,2.6,6.7,5.3,9.2,8.6,7.2,6.6,2.5,3.1,7.0,6.4,2.3,1.7,0.3,4.4,3.8,7.9,6.5,7.1,3.0,2.4,6.3,5.7,9.6,5.5,9.4,8.0,7.4,8.8,4.9,0.8,4.7,3.3,2.7,6.8,5.4,6.0,2.1,3.5,2.9,1.5,0.9,4.8,3.4,2.0,6.1,2.2,1.6]
gb-trace iteration=0 subcycle id=C3 vertices=[0.4,1.8,5.9,9.8,8.4,9.0,5.1,1.0]
gb-trace iteration=0 subcycle id=C4 vertices=[0.5,1.9,5.8,9.9,8.5,9.1,5.0,1.1]
gb-trace iteration=0 subcycle id=C5 vertices=[0.7,1.3,5.2,9.3,8.7,7.3,3.2,4.6]
gb-trace iteration=0 merge C1 + C2 = C6
gb-trace iteration=0 merge C5 + C6 = C7
gb-trace iteration=0 resulting id=C4 vertices=[0.5,1.9,5.8,9.9,8.5,9.1,5.0,1.1]
gb-trace iteration=0 resulting id=C3 vertices=[0.4,1.8,5.9,9.8,8.4,9.0,5.1,1.0]
gb-trace iteration=0 resulting id=C7 vertices=[0.7,1.3,5.2,9.3,8.7,4.8,0.9,1.5,2.9,3.5,2.1,6.0,5.4,6.8,2.7,3.3,4.7,0.8,4.9,8.8,7.4,8.0,9.4,5.5,9.6,5.7,6.3,2.4,3.0,7.1,6.5,7.9,3.8,4.4,0.3,1.7,2.3,6.4,7.0,3.1,2.5,6.6,7.2,8.6,9.2,5.3,6.7,2.6,1.2,0.6,4.5,3.9,7.8,3.7,4.3,8.2,7.6,6.2,5.6,9.7,8.3,7.7,3.6,4.2,0.1,4.0,8.1,9.5,8.9,7.5,6.9,2.8,1.4,0.0,4.1,0.2,1.6,2.2,6.1,2.0,3.4,7.3,3.2,4.6]
cut arcs by clause length (length:number) = {16: 4, 32: 2}
number of added block clauses (this increment) = 6
number of added block clauses (accumulated) = 6
add block clauses time = 187.886us
increment time = 1.869705ms

CEGAR iteration...
cegar iteration = 1
sat solving time = 51.043us

solution: 
0.0 4.1 8.2 7.6 6.2 5.6 9.7 8.3 4.4 3.0 7.1 3.2 4.6 0.7 1.3 5.2 9.1 5.0 1.1 0.5 1.9 5.8 9.9 8.5 7.9 3.8 2.4 1.0 0.4 1.8 5.9 9.8 8.4 9.0 5.1 6.5 2.6 6.7 7.3 3.4 2.0 6.1 2.2 1.6 0.2 4.3 3.7 7.8 3.9 4.5 0.6 1.2 5.3 9.2 8.6 7.2 6.6 2.5 3.1 7.0 6.4 2.3 1.7 0.3 4.2 3.6 7.7 6.3 5.7 9.6 5.5 9.4 8.0 7.4 8.8 4.9 0.8 4.7 3.3 2.7 6.8 2.9 3.5 2.1 6.0 5.4 9.3 8.7 4.8 0.9 1.5 0.1 4.0 8.1 9.5 8.9 7.5 6.9 2.8 1.4

s SATISFIABLE
overall cegar iterations = 1
overall number of added block clauses = 6
solving time = 3.181082ms
overall time = 3.351167ms
