solve benchmarks/ham-examples-col/Hhalin-pi128.col
file input time = 174.779us
encoding time = 330.897us

encoding clauses number = 2183

CEGAR iteration...
cegar iteration = 0
sat solving time = 1.590954ms
number of subcycles found = 4
cycle lengths before merge (length:number) = {5: 1, 6: 2, 111: 1}
merge operation: 6 + 5 = 11
merge operation: 6 + 111 = 117
number of merge operations = 2
number of resulting cycles = 2
cycle lengths after merge (length:number) = {11: 1, 117: 1}
gb-trace iteration=0 subcycle id=C1 vertices=[1,2,125,126,127,128]
gb-trace iteration=0 subcycle id=C2 vertices=[3,119,118,116,117,115,114,113,112,111,109,110,108,107,106,105,101,104,103,102,100,81,99,98,97,96,89,95,94,93,90,92,91,88,85,87,86,84,82,83,80,79,78,77,37,70,69,68,67,66,65,64,63,56,57,62,61,60,59,58,55,54,53,52,51,50,49,48,47,45,46,44,43,42,41,39,40,38,36,34,35,33,32,31,17,24,30,29,28,27,26,25,23,22,21,19,20,18,16,15,14,5,13,12,11,10,9,8,7,6,4]
gb-trace iteration=0 subcycle id=C3 vertices=[71,72,73,74,75,76]
gb-trace iteration=0 subcycle id=C4 vertices=[120,124,123,122,121]
gb-trace iteration=0 merge C1 + C4 = C5
gb-trace iteration=0 merge C3 + C2 = C6
gb-trace iteration=0 resulting id=C5 vertices=[1,2,120,121,122,123,124,125,126,127,128]
gb-trace iteration=0 resulting id=C6 vertices=[71,37,77,78,79,80,83,82,84,86,87,85,88,91,92,90,93,94,95,89,96,97,98,99,81,100,102,103,104,101,105,106,107,108,110,109,111,112,113,114,115,117,116,118,119,3,4,6,7,8,9,10,11,12,13,5,14,15,16,18,20,19,21,22,23,25,26,27,28,29,30,24,17,31,32,33,35,34,36,38,40,39,41,42,43,44,46,45,47,48,49,50,51,52,53,54,55,58,59,60,61,62,57,56,63,64,65,66,67,68,69,70,72,73,74,75,76]
cut arcs by clause length (length:number) = {3: 4}
number of added block clauses (this increment) = 4
number of added block clauses (accumulated) = 4
add block clauses time = 152.570us
increment time = 1.743524ms

CEGAR iteration...
cegar iteration = 1
sat solving time = 31.350us
number of subcycles found = 2
cycle lengths before merge (length:number) = {6: 1, 122: 1}
merge operation: 122 + 6 = 128
number of merge operations = 1
number of resulting cycles = 1
cycle lengths after merge (length:number) = {128: 1}
gb-trace iteration=1 subcycle id=C1 vertices=[1,127,126,125,124,123,122,121,120,2,3,119,118,116,117,115,114,113,112,111,109,110,108,107,106,105,101,104,103,102,100,81,99,98,97,96,89,95,94,93,90,92,91,88,85,87,86,84,82,83,80,79,78,77,37,70,69,68,67,66,65,64,63,56,57,62,61,60,59,58,55,54,53,52,51,50,49,48,47,45,46,44,43,42,41,39,40,38,36,34,35,33,32,31,17,24,30,29,28,27,26,25,23,22,21,19,20,18,16,15,14,5,13,12,11,10,9,8,7,6,4,128]
gb-trace iteration=1 subcycle id=C2 vertices=[71,72,73,74,75,76]
gb-trace iteration=1 merge C1 + C2 = C3
gb-trace iteration=1 resulting id=C3 vertices=[1,127,126,125,124,123,122,121,120,2,3,119,118,116,117,115,114,113,112,111,109,110,108,107,106,105,101,104,103,102,100,81,99,98,97,96,89,95,94,93,90,92,91,88,85,87,86,84,82,83,80,79,78,77,76,75,74,73,72,71,37,70,69,68,67,66,65,64,63,56,57,62,61,60,59,58,55,54,53,52,51,50,49,48,47,45,46,44,43,42,41,39,40,38,36,34,35,33,32,31,17,24,30,29,28,27,26,25,23,22,21,19,20,18,16,15,14,5,13,12,11,10,9,8,7,6,4,128]
number of added block clauses (this increment) = 0
number of added block clauses (accumulated) = 4
add block clauses time = 116.170us
increment time = 147.520us

hamiltonian cycle found by 2-opt
solution: 
1 127 126 125 124 123 122 121 120 2 3 119 118 116 117 115 114 113 112 111 109 110 108 107 106 105 101 104 103 102 100 81 99 98 97 96 89 95 94 93 90 92 91 88 85 87 86 84 82 83 80 79 78 77 76 75 74 73 72 71 37 70 69 68 67 66 65 64 63 56 57 62 61 60 59 58 55 54 53 52 51 50 49 48 47 45 46 44 43 42 41 39 40 38 36 34 35 33 32 31 17 24 30 29 28 27 26 25 23 22 21 19 20 18 16 15 14 5 13 12 11 10 9 8 7 6 4 128

s SATISFIABLE
overall cegar iterations = 1
overall number of added block clauses = 4
solving time = 3.116172ms
overall time = 3.292196ms
