solve benchmarks/ham-examples-col/Vbauer-broersma-veldman.col
file input time = 89.234us
encoding time = 213.045us

encoding clauses number = 2166

CEGAR iteration...
cegar iteration = 0
sat solving time = 34.393us
number of subcycles found = 10
cycle lengths before merge (length:number) = {3: 5, 5: 4, 7: 1}
merge operation: 3 + 7 = 10
merge operation: 5 + 3 = 8
merge operation: 3 + 5 = 8
merge operation: 10 + 5 = 15
merge operation: 3 + 5 = 8
number of merge operations = 5
number of resulting cycles = 5
cycle lengths after merge (length:number) = {3: 1, 8: 3, 15: 1}
gb-trace iteration=0 subcycle id=C1 vertices=[0,1,s0]
gb-trace iteration=0 subcycle id=C2 vertices=[t0,b0,a0,u0,v0,d0,c0]
gb-trace iteration=0 subcycle id=C3 vertices=[s1,a1,u1,v1,d1]
gb-trace iteration=0 subcycle id=C4 vertices=[t1,b1,c1]
gb-trace iteration=0 subcycle id=C5 vertices=[s2,a2,u2,v2,d2]
gb-trace iteration=0 subcycle id=C6 vertices=[t2,b2,c2]
gb-trace iteration=0 subcycle id=C7 vertices=[s3,a3,u3,v3,d3]
gb-trace iteration=0 subcycle id=C8 vertices=[t3,b3,c3]
gb-trace iteration=0 subcycle id=C9 vertices=[s4,a4,u4,v4,d4]
gb-trace iteration=0 subcycle id=C10 vertices=[t4,b4,c4]
gb-trace iteration=0 merge C1 + C2 = C11
gb-trace iteration=0 merge C9 + C10 = C12
gb-trace iteration=0 merge C8 + C7 = C13
gb-trace iteration=0 merge C11 + C3 = C14
gb-trace iteration=0 merge C6 + C5 = C15
gb-trace iteration=0 resulting id=C12 vertices=[s4,a4,u4,b4,t4,c4,v4,d4]
gb-trace iteration=0 resulting id=C14 vertices=[0,t0,c0,d0,v0,u1,a1,s1,d1,v1,u0,a0,b0,1,s0]
gb-trace iteration=0 resulting id=C13 vertices=[t3,b3,u3,a3,s3,d3,v3,c3]
gb-trace iteration=0 resulting id=C4 vertices=[t1,b1,c1]
gb-trace iteration=0 resulting id=C15 vertices=[t2,b2,u2,a2,s2,d2,v2,c2]
cut arcs by clause length (length:number) = {10: 2, 32: 6, 82: 2}
number of added block clauses (this increment) = 10
number of added block clauses (accumulated) = 10
add block clauses time = 109.868us
increment time = 144.261us

CEGAR iteration...
cegar iteration = 1
sat solving time = 16.962us
number of subcycles found = 10
cycle lengths before merge (length:number) = {3: 6, 5: 1, 6: 2, 7: 1}
merge operation: 3 + 7 = 10
merge operation: 3 + 5 = 8
merge operation: 6 + 10 = 16
merge operation: 6 + 16 = 22
merge operation: 3 + 3 = 6
number of merge operations = 5
number of resulting cycles = 5
cycle lengths after merge (length:number) = {3: 2, 6: 1, 8: 1, 22: 1}
gb-trace iteration=1 subcycle id=C1 vertices=[0,1,s0]
gb-trace iteration=1 subcycle id=C2 vertices=[t0,b0,a0,u0,v0,d0,c0]
gb-trace iteration=1 subcycle id=C3 vertices=[s1,a1,d1]
gb-trace iteration=1 subcycle id=C4 vertices=[t1,b1,u1,v1,c1]
gb-trace iteration=1 subcycle id=C5 vertices=[s2,d2,a2]
gb-trace iteration=1 subcycle id=C6 vertices=[t2,c2,b2]
gb-trace iteration=1 subcycle id=C7 vertices=[u2,u4,a4,s4,d4,v4]
gb-trace iteration=1 subcycle id=C8 vertices=[v2,u3,a3,s3,d3,v3]
gb-trace iteration=1 subcycle id=C9 vertices=[t3,c3,b3]
gb-trace iteration=1 subcycle id=C10 vertices=[t4,c4,b4]
gb-trace iteration=1 merge C1 + C2 = C11
gb-trace iteration=1 merge C3 + C4 = C12
gb-trace iteration=1 merge C8 + C11 = C13
gb-trace iteration=1 merge C7 + C13 = C14
gb-trace iteration=1 merge C6 + C5 = C15
gb-trace iteration=1 resulting id=C9 vertices=[t3,c3,b3]
gb-trace iteration=1 resulting id=C10 vertices=[t4,c4,b4]
gb-trace iteration=1 resulting id=C14 vertices=[u2,v2,v3,d3,s3,a3,u3,u0,a0,b0,1,s0,0,t0,c0,d0,v0,u4,a4,s4,d4,v4]
gb-trace iteration=1 resulting id=C12 vertices=[s1,a1,u1,b1,t1,c1,v1,d1]
gb-trace iteration=1 resulting id=C15 vertices=[t2,c2,d2,s2,a2,b2]
cut arcs by clause length (length:number) = {10: 4, 16: 2, 32: 2, 68: 2}
number of added block clauses (this increment) = 10
number of added block clauses (accumulated) = 20
add block clauses time = 90.770us
increment time = 107.732us

CEGAR iteration...
cegar iteration = 2
sat solving time = 36.968us
number of subcycles found = 8
cycle lengths before merge (length:number) = {3: 4, 6: 1, 7: 2, 10: 1}
merge operation: 3 + 7 = 10
merge operation: 6 + 10 = 16
merge operation: 10 + 16 = 26
number of merge operations = 3
number of resulting cycles = 5
cycle lengths after merge (length:number) = {3: 3, 7: 1, 26: 1}
gb-trace iteration=2 subcycle id=C1 vertices=[0,1,s0]
gb-trace iteration=2 subcycle id=C2 vertices=[t0,b0,a0,u0,v0,d0,c0]
gb-trace iteration=2 subcycle id=C3 vertices=[s1,a1,d1]
gb-trace iteration=2 subcycle id=C4 vertices=[t1,b1,u1,u2,b2,t2,c2,v2,v1,c1]
gb-trace iteration=2 subcycle id=C5 vertices=[s2,d2,a2]
gb-trace iteration=2 subcycle id=C6 vertices=[s3,d3,a3]
gb-trace iteration=2 subcycle id=C7 vertices=[t3,b3,u3,u4,v3,c3]
gb-trace iteration=2 subcycle id=C8 vertices=[s4,d4,v4,c4,t4,b4,a4]
gb-trace iteration=2 merge C1 + C2 = C9
gb-trace iteration=2 merge C7 + C4 = C10
gb-trace iteration=2 merge C9 + C10 = C11
gb-trace iteration=2 resulting id=C6 vertices=[s3,d3,a3]
gb-trace iteration=2 resulting id=C8 vertices=[s4,d4,v4,c4,t4,b4,a4]
gb-trace iteration=2 resulting id=C3 vertices=[s1,a1,d1]
gb-trace iteration=2 resulting id=C5 vertices=[s2,d2,a2]
gb-trace iteration=2 resulting id=C11 vertices=[0,t0,c0,d0,v0,u3,b3,t3,c3,v3,u4,u2,b2,t2,c2,v2,v1,c1,t1,b1,u1,u0,a0,b0,1,s0]
cut arcs by clause length (length:number) = {10: 6, 25: 2, 55: 2}
number of added block clauses (this increment) = 10
number of added block clauses (accumulated) = 30
add block clauses time = 79.420us
increment time = 116.388us

CEGAR iteration...
cegar iteration = 3
sat solving time = 29.947us
number of subcycles found = 8
cycle lengths before merge (length:number) = {3: 3, 6: 3, 7: 1, 8: 1}
merge operation: 3 + 7 = 10
merge operation: 3 + 8 = 11
merge operation: 10 + 11 = 21
number of merge operations = 3
number of resulting cycles = 5
cycle lengths after merge (length:number) = {3: 1, 6: 3, 21: 1}
gb-trace iteration=3 subcycle id=C1 vertices=[0,1,s0]
gb-trace iteration=3 subcycle id=C2 vertices=[t0,b0,a0,u0,v0,d0,c0]
gb-trace iteration=3 subcycle id=C3 vertices=[s1,a1,b1,t1,c1,d1]
gb-trace iteration=3 subcycle id=C4 vertices=[u1,v4,v1,u2,a2,s2,d2,v2]
gb-trace iteration=3 subcycle id=C5 vertices=[t2,c2,b2]
gb-trace iteration=3 subcycle id=C6 vertices=[s3,d3,c3,t3,b3,a3]
gb-trace iteration=3 subcycle id=C7 vertices=[u3,u4,v3]
gb-trace iteration=3 subcycle id=C8 vertices=[s4,d4,c4,t4,b4,a4]
gb-trace iteration=3 merge C1 + C2 = C9
gb-trace iteration=3 merge C7 + C4 = C10
gb-trace iteration=3 merge C9 + C10 = C11
gb-trace iteration=3 resulting id=C6 vertices=[s3,d3,c3,t3,b3,a3]
gb-trace iteration=3 resulting id=C8 vertices=[s4,d4,c4,t4,b4,a4]
gb-trace iteration=3 resulting id=C3 vertices=[s1,a1,b1,t1,c1,d1]
gb-trace iteration=3 resulting id=C5 vertices=[t2,c2,b2]
gb-trace iteration=3 resulting id=C11 vertices=[0,t0,c0,d0,v0,u3,v3,u4,v4,v1,u2,a2,s2,d2,v2,u1,u0,a0,b0,1,s0]
cut arcs by clause length (length:number) = {10: 2, 16: 6, 58: 2}
number of added block clauses (this increment) = 10
number of added block clauses (accumulated) = 40
add block clauses time = 72.864us
increment time = 102.811us

CEGAR iteration...
cegar iteration = 4
sat solving time = 44.827us
number of subcycles found = 7
cycle lengths before merge (length:number) = {3: 2, 7: 4, 8: 1}
merge operation: 3 + 7 = 10
merge operation: 8 + 10 = 18
number of merge operations = 2
number of resulting cycles = 5
cycle lengths after merge (length:number) = {3: 1, 7: 3, 18: 1}
gb-trace iteration=4 subcycle id=C1 vertices=[0,1,s0]
gb-trace iteration=4 subcycle id=C2 vertices=[t0,b0,a0,u0,v0,d0,c0]
gb-trace iteration=4 subcycle id=C3 vertices=[s1,a1,b1,t1,c1,v1,d1]
gb-trace iteration=4 subcycle id=C4 vertices=[u1,v4,c4,t4,b4,u4,v3,v2]
gb-trace iteration=4 subcycle id=C5 vertices=[s2,d2,c2,t2,b2,u2,a2]
gb-trace iteration=4 subcycle id=C6 vertices=[s3,d3,c3,t3,b3,u3,a3]
gb-trace iteration=4 subcycle id=C7 vertices=[s4,d4,a4]
gb-trace iteration=4 merge C1 + C2 = C8
gb-trace iteration=4 merge C4 + C8 = C9
gb-trace iteration=4 resulting id=C6 vertices=[s3,d3,c3,t3,b3,u3,a3]
gb-trace iteration=4 resulting id=C7 vertices=[s4,d4,a4]
gb-trace iteration=4 resulting id=C3 vertices=[s1,a1,b1,t1,c1,v1,d1]
gb-trace iteration=4 resulting id=C5 vertices=[s2,d2,c2,t2,b2,u2,a2]
gb-trace iteration=4 resulting id=C9 vertices=[u1,v0,d0,c0,t0,0,s0,1,b0,a0,u0,v4,c4,t4,b4,u4,v3,v2]
cut arcs by clause length (length:number) = {10: 2, 25: 6, 79: 2}
number of added block clauses (this increment) = 10
number of added block clauses (accumulated) = 50
add block clauses time = 83.823us
increment time = 128.650us

CEGAR iteration...
cegar iteration = 5
sat solving time = 85.725us
number of subcycles found = 7
cycle lengths before merge (length:number) = {3: 1, 4: 1, 7: 5}
merge operation: 3 + 7 = 10
merge operation: 4 + 10 = 14
number of merge operations = 2
number of resulting cycles = 5
cycle lengths after merge (length:number) = {7: 4, 14: 1}
gb-trace iteration=5 subcycle id=C1 vertices=[0,1,s0]
gb-trace iteration=5 subcycle id=C2 vertices=[t0,b0,a0,u0,v0,d0,c0]
gb-trace iteration=5 subcycle id=C3 vertices=[s1,a1,u1,b1,t1,c1,d1]
gb-trace iteration=5 subcycle id=C4 vertices=[v1,u3,v4,u2]
gb-trace iteration=5 subcycle id=C5 vertices=[s2,a2,b2,t2,c2,v2,d2]
gb-trace iteration=5 subcycle id=C6 vertices=[s3,d3,v3,c3,t3,b3,a3]
gb-trace iteration=5 subcycle id=C7 vertices=[s4,d4,c4,t4,b4,u4,a4]
gb-trace iteration=5 merge C1 + C2 = C8
gb-trace iteration=5 merge C4 + C8 = C9
gb-trace iteration=5 resulting id=C6 vertices=[s3,d3,v3,c3,t3,b3,a3]
gb-trace iteration=5 resulting id=C7 vertices=[s4,d4,c4,t4,b4,u4,a4]
gb-trace iteration=5 resulting id=C3 vertices=[s1,a1,u1,b1,t1,c1,d1]
gb-trace iteration=5 resulting id=C5 vertices=[s2,a2,b2,t2,c2,v2,d2]
gb-trace iteration=5 resulting id=C9 vertices=[v1,v0,d0,c0,t0,0,s0,1,b0,a0,u0,u3,v4,u2]
cut arcs by clause length (length:number) = {25: 8, 88: 2}
number of added block clauses (this increment) = 10
number of added block clauses (accumulated) = 60
add block clauses time = 74.707us
increment time = 160.432us

CEGAR iteration...
cegar iteration = 6
sat solving time = 1.611872ms
number of subcycles found = 4
cycle lengths before merge (length:number) = {3: 2, 16: 1, 20: 1}
merge operation: 16 + 20 = 36
merge operation: 3 + 3 = 6
number of merge operations = 2
number of resulting cycles = 2
cycle lengths after merge (length:number) = {6: 1, 36: 1}
gb-trace iteration=6 subcycle id=C1 vertices=[0,c3,t3,b3,a3,s3,d3,v3,u2,u1,a1,b1,t1,c1,d1,s1]
gb-trace iteration=6 subcycle id=C2 vertices=[1,d4,s4,a4,b4,t4,c4,v4,u4,u0,v1,u3,v0,v2,d2,s2,a2,b2,t2,c2]
gb-trace iteration=6 subcycle id=C3 vertices=[s0,d0,a0]
gb-trace iteration=6 subcycle id=C4 vertices=[t0,b0,c0]
gb-trace iteration=6 merge C1 + C2 = C5
gb-trace iteration=6 merge C3 + C4 = C6
gb-trace iteration=6 resulting id=C5 vertices=[0,d4,s4,a4,b4,t4,c4,v4,u4,u0,v1,u3,v0,v2,d2,s2,a2,b2,t2,c2,1,c3,t3,b3,a3,s3,d3,v3,u2,u1,a1,b1,t1,c1,d1,s1]
gb-trace iteration=6 resulting id=C6 vertices=[s0,d0,c0,t0,b0,a0]
cut arcs by clause length (length:number) = {16: 4}
number of added block clauses (this increment) = 4
number of added block clauses (accumulated) = 64
add block clauses time = 51.405us
increment time = 1.663277ms

CEGAR iteration...
cegar iteration = 7
sat solving time = 11.279us
number of subcycles found = 2
cycle lengths before merge (length:number) = {7: 1, 35: 1}
number of merge operations = 0
number of resulting cycles = 2
cycle lengths after merge (length:number) = {7: 1, 35: 1}
gb-trace iteration=7 subcycle id=C1 vertices=[0,c3,t3,b3,a3,s3,d3,v3,v2,d2,s2,a2,b2,t2,c2,1,d4,s4,a4,b4,t4,c4,v4,u4,u0,v1,u3,u2,u1,a1,b1,t1,c1,d1,s1]
gb-trace iteration=7 subcycle id=C2 vertices=[s0,a0,b0,t0,c0,v0,d0]
gb-trace iteration=7 resulting id=C1 vertices=[0,c3,t3,b3,a3,s3,d3,v3,v2,d2,s2,a2,b2,t2,c2,1,d4,s4,a4,b4,t4,c4,v4,u4,u0,v1,u3,u2,u1,a1,b1,t1,c1,d1,s1]
gb-trace iteration=7 resulting id=C2 vertices=[s0,a0,b0,t0,c0,v0,d0]
cut arcs by clause length (length:number) = {25: 4}
number of added block clauses (this increment) = 4
number of added block clauses (accumulated) = 68
add block clauses time = 40.738us
increment time = 52.017us

CEGAR iteration...
cegar iteration = 8
sat solving time = 14.087us
number of subcycles found = 2
cycle lengths before merge (length:number) = {3: 1, 39: 1}
number of merge operations = 0
number of resulting cycles = 2
cycle lengths after merge (length:number) = {3: 1, 39: 1}
gb-trace iteration=8 subcycle id=C1 vertices=[0,c3,t3,b3,a3,s3,d3,v3,v2,d2,s2,a2,b2,t2,c2,1,d4,s4,a4,b4,t4,c4,v4,u4,v0,d0,s0,a0,u0,v1,u3,u2,u1,a1,b1,t1,c1,d1,s1]
gb-trace iteration=8 subcycle id=C2 vertices=[t0,c0,b0]
gb-trace iteration=8 resulting id=C1 vertices=[0,c3,t3,b3,a3,s3,d3,v3,v2,d2,s2,a2,b2,t2,c2,1,d4,s4,a4,b4,t4,c4,v4,u4,v0,d0,s0,a0,u0,v1,u3,u2,u1,a1,b1,t1,c1,d1,s1]
gb-trace iteration=8 resulting id=C2 vertices=[t0,c0,b0]
cut arcs by clause length (length:number) = {10: 4}
number of added block clauses (this increment) = 4
number of added block clauses (accumulated) = 72
add block clauses time = 39.099us
increment time = 53.186us

CEGAR iteration...
cegar iteration = 9
sat solving time = 15.122us
number of subcycles found = 2
cycle lengths before merge (length:number) = {3: 1, 39: 1}
number of merge operations = 0
number of resulting cycles = 2
cycle lengths after merge (length:number) = {3: 1, 39: 1}
gb-trace iteration=9 subcycle id=C1 vertices=[0,c3,t3,b3,a3,s3,d3,v3,v2,d2,s2,a2,b2,t2,c2,1,d4,s4,a4,b4,t4,c4,v4,u4,v0,c0,t0,b0,u0,v1,u3,u2,u1,a1,b1,t1,c1,d1,s1]
gb-trace iteration=9 subcycle id=C2 vertices=[s0,a0,d0]
gb-trace iteration=9 resulting id=C1 vertices=[0,c3,t3,b3,a3,s3,d3,v3,v2,d2,s2,a2,b2,t2,c2,1,d4,s4,a4,b4,t4,c4,v4,u4,v0,c0,t0,b0,u0,v1,u3,u2,u1,a1,b1,t1,c1,d1,s1]
gb-trace iteration=9 resulting id=C2 vertices=[s0,a0,d0]
cut arcs by clause length (length:number) = {10: 4}
number of added block clauses (this increment) = 4
number of added block clauses (accumulated) = 76
add block clauses time = 45.291us
increment time = 60.413us

CEGAR iteration...
cegar iteration = 10
sat solving time = 27.840us
number of subcycles found = 2
cycle lengths before merge (length:number) = {7: 1, 35: 1}
number of merge operations = 0
number of resulting cycles = 2
cycle lengths after merge (length:number) = {7: 1, 35: 1}
gb-trace iteration=10 subcycle id=C1 vertices=[0,c3,t3,b3,a3,s3,d3,v3,v2,d2,s2,a2,b2,t2,c2,1,d4,s4,a4,b4,t4,c4,v4,u4,v0,v1,u3,u2,u1,a1,b1,t1,c1,d1,s1]
gb-trace iteration=10 subcycle id=C2 vertices=[s0,d0,c0,t0,b0,u0,a0]
gb-trace iteration=10 resulting id=C1 vertices=[0,c3,t3,b3,a3,s3,d3,v3,v2,d2,s2,a2,b2,t2,c2,1,d4,s4,a4,b4,t4,c4,v4,u4,v0,v1,u3,u2,u1,a1,b1,t1,c1,d1,s1]
gb-trace iteration=10 resulting id=C2 vertices=[s0,d0,c0,t0,b0,u0,a0]
cut arcs by clause length (length:number) = {25: 4}
number of added block clauses (this increment) = 4
number of added block clauses (accumulated) = 80
add block clauses time = 39.270us
increment time = 67.110us

CEGAR iteration...
cegar iteration = 11
sat solving time = 455.451us
number of subcycles found = 3
cycle lengths before merge (length:number) = {3: 1, 8: 1, 31: 1}
merge operation: 31 + 3 = 34
number of merge operations = 1
number of resulting cycles = 2
cycle lengths after merge (length:number) = {8: 1, 34: 1}
gb-trace iteration=11 subcycle id=C1 vertices=[0,s1,a1,b1,t1,c1,d1,v1,u2,a2,s2,d2,c2,t2,b2,1,d4,s4,a4,b4,t4,c4,v4,v3,u3,b3,t3,c3,d3,s3,a3]
gb-trace iteration=11 subcycle id=C2 vertices=[s0,a0,u0,b0,t0,c0,v0,d0]
gb-trace iteration=11 subcycle id=C3 vertices=[u1,v2,u4]
gb-trace iteration=11 merge C1 + C3 = C4
gb-trace iteration=11 resulting id=C2 vertices=[s0,a0,u0,b0,t0,c0,v0,d0]
gb-trace iteration=11 resulting id=C4 vertices=[0,s1,a1,b1,t1,c1,d1,v1,u1,u4,v2,u2,a2,s2,d2,c2,t2,b2,1,d4,s4,a4,b4,t4,c4,v4,v3,u3,b3,t3,c3,d3,s3,a3]
cut arcs by clause length (length:number) = {32: 4}
number of added block clauses (this increment) = 4
number of added block clauses (accumulated) = 84
add block clauses time = 52.894us
increment time = 508.345us

CEGAR iteration...
cegar iteration = 12
sat solving time = 4.017419ms
s UNSATISFIABLE
overall cegar iterations = 12
overall number of added block clauses = 84
solving time = 7.937878ms
overall time = 8.027825ms
